"\u{1b}[96m\u{e26d}\u{1b}[0m \u{1b}[1;96mSonnet 4.6\u{1b}[0m\u{1b}[37m | \u{1b}[0m\u{1b}[93m\u{f024b}\u{1b}[0m \u{1b}[1;92mCCometixLine\u{1b}[0m\u{1b}[37m | \u{1b}[0m\u{1b}[94m\u{f02a2}\u{1b}[0m \u{1b}[1;94mmaster\u{1b}[0m \u{1b}[1;94m✓\u{1b}[0m\u{1b}[37m | \u{1b}[0m\u{1b}[95m\u{f49b}\u{1b}[0m \u{1b}[1;95m78.2% · 156.4k tokens\u{1b}[0m"
