"\u{1b}[96m🤖\u{1b}[0m \u{1b}[96mSonnet 4.6\u{1b}[0m\u{1b}[37m | \u{1b}[0m\u{1b}[93m📁\u{1b}[0m \u{1b}[92mCCometixLine\u{1b}[0m\u{1b}[37m | \u{1b}[0m\u{1b}[94m🌿\u{1b}[0m \u{1b}[94mmaster\u{1b}[0m \u{1b}[94m✓\u{1b}[0m\u{1b}[37m | \u{1b}[0m\u{1b}[95m⚡\u{fe0f}\u{1b}[0m \u{1b}[95m78.2% · 156.4k tokens\u{1b}[0m"
